---
source: tests/common/perform_cmd.rs
assertion_line: 38
info:
  program: kermit
  args:
    - blockflow
    - blocks-with-events
    - "100"
    - "200"
---
success: true
exit_code: 0
----- stdout -----
{
  "blocksAndEvents": [
    [],
    [],
    [],
    [],
    [],
    [],
    [],
    [],
    [],
    [],
    [],
    [],
    [],
    [],
    [],
    []
  ]
}

----- stderr -----
