---
source: tests/common/perform_cmd.rs
assertion_line: 45
info:
  program: kermit
  args:
    - "--url=http://localhost:33773"
    - infos
    - node
---
success: true
exit_code: 0
----- stdout -----
{
  "buildInfo": {
    "commit": "74c472b8e1c52374a7a0c067ac6b7d6ed560bf4c",
    "releaseVersion": "4.2.5"
  },
  "externalAddress": null,
  "upnp": true
}

----- stderr -----
