---
source: tests/utils.rs
assertion_line: 67
info:
  program: kermit
  args:
    - "-n"
    - dev
    - "-c"
    - "./alephium.config.yaml"
    - contracts
    - compile
    - tests/fail_contracts/wrong_import.ral
---
success: false
exit_code: 1
----- stdout -----

----- stderr -----
Error: File does not exist at path: tests/fail_contracts/inexistant.ral
