---
source: tests/utils.rs
assertion_line: 31
info:
  program: kermit
  args:
    - "-n"
    - dev
    - contracts
    - compile
    - tests/contracts/impossible.ral
---
success: false
exit_code: 1
----- stdout -----

----- stderr -----
Error: No valid source information found in the provided files.
