---
source: tests/utils.rs
assertion_line: 45
info:
  program: kermit
  args:
    - contracts
    - "-n"
    - dev
    - "-c"
    - tests/contracts/test.config.yaml
    - deploy
    - TestTypes
    - /tmp/deploy_sub_contract_debug_types
---
success: true
exit_code: 0
----- stdout -----
{
  "contractId": <contractID>,
  "fromGroup": 0,
  "toGroup": 0,
  "txId": <txId>
}

----- stderr -----
