---
source: tests/common/perform_cmd.rs
assertion_line: 38
info:
  program: kermit
  args:
    - transactions
    - status
---
success: false
exit_code: 2
----- stdout -----

----- stderr -----
error: the following required arguments were not provided:
  <TX_ID>

Usage: kermit transactions status <TX_ID>

For more information, try '--help'.
