---
source: tests/common/perform_cmd.rs
assertion_line: 38
info:
  program: kermit
  args:
    - "--url"
    - "http://invalid-url"
    - infos
    - version
---
success: false
exit_code: 1
----- stdout -----

----- stderr -----
Error: error sending request for url (http://invalid-url/infos/version)
