---
source: tests/common/perform_cmd.rs
assertion_line: 38
info:
  program: kermit
  args:
    - "--help"
---
success: true
exit_code: 0
----- stdout -----
Usage: kermit [OPTIONS] <COMMAND>

Commands:
  addresses     Address management utilities [aliases: a]
  blockflow     Blockflow data retrieval utilities [aliases: b]
  contracts     Contract management utilities [aliases: c]
  infos         Infos about node and hashrate [aliases: i]
  miners        Miners management utilities [aliases: m]
  utils         Utilities (Address zero, Hash zero, Conversion atto) [aliases: u]
  transactions  Transactions management utilities [aliases: tx]
  wallets       Wallet management utilities [aliases: w]
  help          Print this message or the help of the given subcommand(s)

Options:
  -u, --url <URL>  [env: URL=] [default: http://localhost:22973]
  -h, --help       Print help
  -V, --version    Print version

----- stderr -----
