---
source: tests/common/perform_cmd.rs
assertion_line: 38
info:
  program: kermit
  args:
    - blockflow
    - is-block-in-main-chain
    - foo
---
success: false
exit_code: 1
----- stdout -----

----- stderr -----
Error: Invalid value for: query parameter blockHash (Invalid hex string: foo: foo)
